// Jest Snapshot v1, https://goo.gl/fbAQLP

exports[`<ImportDrawer /> renders correctly 1`] = `
<button
  className="MuiButtonBase-root MuiIconButton-root MuiIconButton-colorInherit MuiIconButton-sizeLarge css-1pz7awu-MuiButtonBase-root-MuiIconButton-root"
  disabled={false}
  onBlur={[Function]}
  onClick={[Function]}
  onContextMenu={[Function]}
  onDragLeave={[Function]}
  onFocus={[Function]}
  onKeyDown={[Function]}
  onKeyUp={[Function]}
  onMouseDown={[Function]}
  onMouseLeave={[Function]}
  onMouseUp={[Function]}
  onTouchEnd={[Function]}
  onTouchMove={[Function]}
  onTouchStart={[Function]}
  tabIndex={0}
  type="button"
>
  <svg
    aria-hidden={true}
    aria-label="Add Games..."
    aria-labelledby={null}
    className="MuiSvgIcon-root MuiSvgIcon-fontSizeMedium css-i4bv87-MuiSvgIcon-root"
    data-mui-internal-clone-element={true}
    data-testid="CloudDownloadIcon"
    focusable="false"
    onBlur={[Function]}
    onFocus={[Function]}
    onMouseLeave={[Function]}
    onMouseOver={[Function]}
    onTouchEnd={[Function]}
    onTouchStart={[Function]}
    viewBox="0 0 24 24"
  >
    <path
      d="M19.35 10.04C18.67 6.59 15.64 4 12 4 9.11 4 6.6 5.64 5.35 8.04 2.34 8.36 0 10.91 0 14c0 3.31 2.69 6 6 6h13c2.76 0 5-2.24 5-5 0-2.64-2.05-4.78-4.65-4.96zM17 13l-5 5-5-5h3V9h4v4h3z"
    />
  </svg>
  <span
    className="MuiTouchRipple-root css-8je8zh-MuiTouchRipple-root"
  />
</button>
`;
