// Jest Snapshot v1, https://goo.gl/fbAQLP

exports[`<Login /> renders correctly 1`] = `
<div
  className="MuiListItemIcon-root css-cveggr-MuiListItemIcon-root"
  onClick={[Function]}
/>
`;
